[backblue.gif]
[fade.gif]
[index.html]
[penisprofessor.com/images/navbuy.jpg]
[penisprofessor.com/images/banner.jpg]
[www.thepenisprofessor.com/images/memberlogin.png]
[penisprofessor.com/images/thepenisprofessor.png]
[penisprofessor.com/images/baredcss.jpg]
[penisprofessor.com/images/bawhiteCSS.jpg]
[penisprofessor.com/images/PenisProfessorBoxShot.jpg]
[penisprofessor.com/images/cards.jpg]
[penisprofessor.com/images/paypal.jpg]
[penisprofessor.com/images/WEACCEPTECREDIT.jpg]
[penisprofessor.com/images/WEACCEPTECHECKS.jpg]
[penisprofessor.com/images/WEACCEPTPAYPAL.jpg]
[www.paypalobjects.com/en_US/i/icon/verification_seal.gif]
[penisprofessor.com/images/orderword.jpg]
[penisprofessor.com/index.html]
[verifiedmemberaccess.com/feed/index.html]
[verifiedmemberaccess.com/comments/feed/index.html]
[verifiedmemberaccess.com/xmlrpc0db0.php]
[verifiedmemberaccess.com/wp-json/index.html]
[verifiedmemberaccess.com/wp-content/themes/twentytwentytwo/assets/fonts/source-serif-pro/SourceSerif4Variable-Roman.ttf.woff2]
[verifiedmemberaccess.com/wp-content/themes/twentytwentytwo/assets/fonts/source-serif-pro/SourceSerif4Variable-Italic.ttf.woff2]
[verifiedmemberaccess.com/wp-content/themes/twentytwentytwo/assets/images/flight-path-on-transparent-d.png]
[verifiedmemberaccess.com/index.html]
[code.jquery.com/jquery-3.6.0.min.js]
[script.crazyegg.com/pages/scripts/0017/2505.js]
[penisprofessor.com/bubble.svg]
[penisprofessor.com/images/orangeBuyNowCredit.jpg]
[penisprofessor.com/images/orangeBuyNowPAYPAL.jpg]
[penisprofessor.com/BuyNow.html]
[verifiedmemberaccess.com/slpw/turingimagea18a.jpg]
[verifiedmemberaccess.com/logincode2ffd.html]
[penisprofessor.com/members/images/memberloginroll.html]
[penisprofessor.com/images/ImpotenceBook.jpg]
[penisprofessor.com/images/PrematureEjaculationbook.jpg]
[penisprofessor.com/images/MultipleMaleOrgasmsbook.jpg]
[penisprofessor.com/images/Top100SexTipsOfAllTime Book3.jpg]
[penisprofessor.com/images/WorkOutRoutinesBook.jpg]
[penisprofessor.com/BonusContentdemo.html]
[penisprofessor.com/images/couple.jpg]
[penisprofessor.com/video/CoupleFIN.mp4]
[penisprofessor.com/images/350Strong.jpg]
[penisprofessor.com/images/500test4.jpg]
[penisprofessor.com/images/spanish.jpg]
[penisprofessor.com/video/SpanishFIN.mp4]
[penisprofessor.com/images/bayellowcss.jpg]
[penisprofessor.com/images/500blk.jpg]
[penisprofessor.com/images/white.jpg]
[penisprofessor.com/video/WhiteFIN.mp4]
[penisprofessor.com/Testimonials.html]
[penisprofessor.com/index-2.html]
[cdnjs.cloudflare.com/ajax/libs/jquery-validate/1.19.3/jquery.validate.min.js]
[smtpjs.com/v3/smtp.html]
[verifiedmemberaccess.com/wp-includes/blocks/navigation/style.min4d6f.css]
[verifiedmemberaccess.com/wp-includes/js/dist/script-modules/interactivity/index.min132d.js]
[verifiedmemberaccess.com/wp-json/oembed/1.0/embedd495.json]
[verifiedmemberaccess.com/sample-page/feed/index.html]
[verifiedmemberaccess.com/wp-json/oembed/1.0/embedbd7b]
[verifiedmemberaccess.com/wp-json/wp/v2/pages/2.json]
[verifiedmemberaccess.com/sample-page/index.html]
[verifiedmemberaccess.com/wp-json/oembed/1.0/embedeee6.json]
[verifiedmemberaccess.com/2022/09/27/hello-world/feed/index.html]
[verifiedmemberaccess.com/wp-json/oembed/1.0/embed478e]
[verifiedmemberaccess.com/wp-json/wp/v2/posts/1.json]
[verifiedmemberaccess.com/2022/09/27/hello-world/index.html]
[verifiedmemberaccess.com/wp-includes/js/dist/script-modules/block-library/navigation/view.min884e.js]
[penisprofessor.com/video/CoupleFIN.webm.html]
[penisprofessor.com/video/CoupleFIN.html]
[penisprofessor.com/video/CoupleFIN.flv.html]
[penisprofessor.com/video/SpanishFIN.webm.html]
[penisprofessor.com/video/SpanishFIN.html]
[penisprofessor.com/video/SpanishFIN.flv.html]
[penisprofessor.com/video/WhiteFIN.webm.html]
[penisprofessor.com/video/WhiteFIN.html]
[penisprofessor.com/video/WhiteFIN.flv.html]
[verifiedmemberaccess.com/index905b.html]
[verifiedmemberaccess.com/wp-admin/index.html]
[verifiedmemberaccess.com/indexcff1.html]
[verifiedmemberaccess.com/wp-json/wp/v2/categories/1.json]
[verifiedmemberaccess.com/category/uncategorized/index.html]
[verifiedmemberaccess.com/2022/09/27/hello-world/index6809.html]
[verifiedmemberaccess.com/wp-includes/js/comment-reply.min4d6f.js]
[verifiedmemberaccess.com/category/uncategorized/feed/index.html]
[verifiedmemberaccess.com/wp-login6c06.html]
[verifiedmemberaccess.com/wp-includes/fonts/dashicons7d4b.eot]
[verifiedmemberaccess.com/wp-includes/fonts/dashicons7d4b.ttf]
[verifiedmemberaccess.com/wp-admin/load-styles2b4b.css]
[verifiedmemberaccess.com/wp-admin/&reauth=1.html]
[verifiedmemberaccess.com/wp-loginc2b6.html]
[verifiedmemberaccess.com/wp-admin/load-scripts00e2.php]
[verifiedmemberaccess.com/wp-includes/js/dist/i18n.min99af.js]
[verifiedmemberaccess.com/wp-admin/js/password-strength-meter.min4d6f.js]
[verifiedmemberaccess.com/wp-includes/js/underscore.min55e2.js]
[verifiedmemberaccess.com/wp-includes/js/wp-util.min4d6f.js]
[verifiedmemberaccess.com/wp-includes/js/dist/dom-ready.min0db1.js]
[verifiedmemberaccess.com/wp-includes/js/dist/a11y.minf199.js]
[verifiedmemberaccess.com/wp-admin/js/user-profile.min4d6f.js]
[verifiedmemberaccess.com/wp-includes/js/wp-tooltip4d6f.js]
[verifiedmemberaccess.com/wp-login.html]
